[debug] [2026-07-04T01:05:19.494Z] ----------------------------------------------------------------------
[debug] [2026-07-04T01:05:19.500Z] Command:       C:\Program Files\nodejs\node.exe C:\Users\TW-10\AppData\Roaming\npm\node_modules\firebase-tools\lib\bin\firebase.js projects:create --display-name 相簿華容道 photo-sliding-puzzle
[debug] [2026-07-04T01:05:19.500Z] CLI Version:   15.20.0
[debug] [2026-07-04T01:05:19.501Z] Platform:      win32
[debug] [2026-07-04T01:05:19.501Z] Node Version:  v26.1.0
[debug] [2026-07-04T01:05:19.501Z] Time:          Sat Jul 04 2026 09:05:19 GMT+0800 (台北標準時間)
[debug] [2026-07-04T01:05:19.501Z] ----------------------------------------------------------------------
[debug] 
[debug] [2026-07-04T01:05:19.909Z] > command requires scopes: ["email","openid","https://www.googleapis.com/auth/cloudplatformprojects.readonly","https://www.googleapis.com/auth/firebase","https://www.googleapis.com/auth/cloud-platform"]
[debug] [2026-07-04T01:05:20.069Z] Running auto auth
[debug] [2026-07-04T01:05:20.076Z] No OAuth tokens found
[debug] [2026-07-04T01:05:20.078Z] >>> [apiv2][query] POST https://cloudresourcemanager.googleapis.com/v1/projects [none]
[debug] [2026-07-04T01:05:20.078Z] >>> [apiv2][body] POST https://cloudresourcemanager.googleapis.com/v1/projects {"projectId":"photo-sliding-puzzle","name":"相簿華容道"}
[debug] [2026-07-04T01:05:20.930Z] <<< [apiv2][status] POST https://cloudresourcemanager.googleapis.com/v1/projects 400
[debug] [2026-07-04T01:05:20.930Z] <<< [apiv2][body] POST https://cloudresourcemanager.googleapis.com/v1/projects {"error":{"code":400,"message":"field [display_name] has issue [project display name contains invalid characters]","status":"INVALID_ARGUMENT","details":[{"@type":"type.googleapis.com/google.rpc.BadRequest","fieldViolations":[{"field":"display_name","description":"project display name contains invalid characters"}]},{"@type":"type.googleapis.com/google.rpc.Help","links":[{"url":"https://cloud.google.com/resource-manager/reference/rest/v1/projects"}]}]}}
[debug] [2026-07-04T01:05:20.935Z] FirebaseError: Request to https://cloudresourcemanager.googleapis.com/v1/projects had HTTP Error: 400, field [display_name] has issue [project display name contains invalid characters]
    at responseToError (C:\Users\TW-10\AppData\Roaming\npm\node_modules\firebase-tools\lib\responseToError.js:53:12)
    at RetryOperation._fn (C:\Users\TW-10\AppData\Roaming\npm\node_modules\firebase-tools\lib\apiv2.js:333:77)
    at process.processTicksAndRejections (node:internal/process/task_queues:104:5)
[error] 
[error] Error: Failed to create project. See firebase-debug.log for more info.
[debug] [2026-07-04T01:05:33.131Z] ----------------------------------------------------------------------
[debug] [2026-07-04T01:05:33.137Z] Command:       C:\Program Files\nodejs\node.exe C:\Users\TW-10\AppData\Roaming\npm\node_modules\firebase-tools\lib\bin\firebase.js projects:create --display-name Photo Sliding Puzzle photo-sliding-puzzle
[debug] [2026-07-04T01:05:33.138Z] CLI Version:   15.20.0
[debug] [2026-07-04T01:05:33.138Z] Platform:      win32
[debug] [2026-07-04T01:05:33.138Z] Node Version:  v26.1.0
[debug] [2026-07-04T01:05:33.139Z] Time:          Sat Jul 04 2026 09:05:33 GMT+0800 (台北標準時間)
[debug] [2026-07-04T01:05:33.139Z] ----------------------------------------------------------------------
[debug] 
[debug] [2026-07-04T01:05:33.560Z] > command requires scopes: ["email","openid","https://www.googleapis.com/auth/cloudplatformprojects.readonly","https://www.googleapis.com/auth/firebase","https://www.googleapis.com/auth/cloud-platform"]
[debug] [2026-07-04T01:05:33.714Z] Running auto auth
[debug] [2026-07-04T01:05:33.723Z] No OAuth tokens found
[debug] [2026-07-04T01:05:33.727Z] >>> [apiv2][query] POST https://cloudresourcemanager.googleapis.com/v1/projects [none]
[debug] [2026-07-04T01:05:33.727Z] >>> [apiv2][body] POST https://cloudresourcemanager.googleapis.com/v1/projects {"projectId":"photo-sliding-puzzle","name":"Photo Sliding Puzzle"}
[debug] [2026-07-04T01:05:34.579Z] <<< [apiv2][status] POST https://cloudresourcemanager.googleapis.com/v1/projects 403
[debug] [2026-07-04T01:05:34.579Z] <<< [apiv2][body] POST https://cloudresourcemanager.googleapis.com/v1/projects {"error":{"code":403,"message":"Service accounts cannot create projects without a parent.","status":"PERMISSION_DENIED"}}
[debug] [2026-07-04T01:05:34.586Z] FirebaseError: Request to https://cloudresourcemanager.googleapis.com/v1/projects had HTTP Error: 403, Service accounts cannot create projects without a parent.
    at responseToError (C:\Users\TW-10\AppData\Roaming\npm\node_modules\firebase-tools\lib\responseToError.js:53:12)
    at RetryOperation._fn (C:\Users\TW-10\AppData\Roaming\npm\node_modules\firebase-tools\lib\apiv2.js:333:77)
    at process.processTicksAndRejections (node:internal/process/task_queues:104:5)
[error] 
[error] Error: Failed to create project. See firebase-debug.log for more info.
